// Jest Snapshot v1, https://goo.gl/fbAQLP

exports[`CreateEvent component renders create event component correctly 1`] = `
<div>
  <div
    class="text-font"
    id="event-container"
  >
    <div
      class="Toastify"
    />
    <div
      class="flex"
    >
      <div
        class="m-4"
        id="button-container"
      >
        <button
          class="btn btn-primary"
          type="button"
        >
          <svg
            aria-hidden="true"
            class="MuiSvgIcon-root MuiSvgIcon-fontSizeMedium css-i4bv87-MuiSvgIcon-root"
            data-testid="ArrowBackIcon"
            focusable="false"
            viewBox="0 0 24 24"
          >
            <path
              d="M20 11H7.83l5.59-5.59L12 4l-8 8 8 8 1.41-1.41L7.83 13H20z"
            />
          </svg>
          Â  Return to Main Menu
        </button>
      </div>
    </div>
    <div
      class="outline"
    >
      <form
        action="#"
      >
        <div
          class="row mt-2"
        >
          <div
            class="col-sm-4 left checkboxs"
          >
            <h3>
              Please select one or more forms:
            </h3>
            <h5>
              <div>
                <label>
                  <input
                    class="mr-1"
                    id="VI"
                    name="VI"
                    type="checkbox"
                    value="false"
                  />
                  <span
                    style="margin-left: 5px;"
                  >
                    Vehicle Impound
                  </span>
                </label>
              </div>
            </h5>
            <h5>
              <div>
                <label>
                  <input
                    class="mr-1"
                    id="TwentyFourHour"
                    name="TwentyFourHour"
                    type="checkbox"
                    value="false"
                  />
                  <span
                    style="margin-left: 5px;"
                  >
                    24-hour Driving Prohibition
                  </span>
                </label>
              </div>
            </h5>
            <h5>
              <div>
                <label>
                  <input
                    class="mr-1"
                    id="TwelveHour"
                    name="TwelveHour"
                    type="checkbox"
                    value="false"
                  />
                  <span
                    style="margin-left: 5px;"
                  >
                    12-hour Driving Suspension
                  </span>
                </label>
              </div>
            </h5>
          </div>
          <div
            class="col-sm-4 form-id-border"
          />
        </div>
        <div
          class="flex"
          id="button-container"
        />
      </form>
    </div>
  </div>
</div>
`;
