// Jest Snapshot v1, https://goo.gl/fbAQLP

exports[`Dashboard component renders dashboard component correctly 1`] = `
<div>
  <div
    class="border-design text-font"
  >
    <div
      class="dashboard-header"
    >
      <h3>
        <svg
          aria-hidden="true"
          class="MuiSvgIcon-root MuiSvgIcon-fontSizeMedium css-i4bv87-MuiSvgIcon-root"
          data-testid="EditIcon"
          focusable="false"
          viewBox="0 0 24 24"
        >
          <path
            d="M3 17.25V21h3.75L17.81 9.94l-3.75-3.75L3 17.25zM20.71 7.04c.39-.39.39-1.02 0-1.41l-2.34-2.34a.9959.9959 0 0 0-1.41 0l-1.83 1.83 3.75 3.75 1.83-1.83z"
          />
        </svg>
        Events in Progress
      </h3>
      <button
        class="storybook-button storybook-button--large storybook-button--primary"
        type="button"
      >
        <svg
          aria-hidden="true"
          class="MuiSvgIcon-root MuiSvgIcon-fontSizeMedium css-i4bv87-MuiSvgIcon-root"
          data-testid="AddIcon"
          focusable="false"
          viewBox="0 0 24 24"
        >
          <path
            d="M19 13h-6v6h-2v-6H5v-2h6V5h2v6h6v2z"
          />
        </svg>
        New Event
      </button>
    </div>
    <hr
      class="hr"
    />
    <table
      class="table"
    >
      <thead>
        <tr>
          <th>
            Date & Time
          </th>
          <th>
            Form Types
          </th>
          <th>
            Location
          </th>
          <th>
            Surname
          </th>
          <th>
            Plate #
          </th>
          <th>
            Next Step
          </th>
        </tr>
      </thead>
    </table>
  </div>
  <div
    class="border-design text-font"
  >
    <div
      class="dashboard-header"
    >
      <h3>
        <svg
          aria-hidden="true"
          class="MuiSvgIcon-root MuiSvgIcon-fontSizeMedium css-i4bv87-MuiSvgIcon-root"
          data-testid="ErrorOutlineIcon"
          focusable="false"
          viewBox="0 0 24 24"
        >
          <path
            d="M11 15h2v2h-2zm0-8h2v6h-2zm.99-5C6.47 2 2 6.48 2 12s4.47 10 9.99 10C17.52 22 22 17.52 22 12S17.52 2 11.99 2zM12 20c-4.42 0-8-3.58-8-8s3.58-8 8-8 8 3.58 8 8-3.58 8-8 8z"
          />
        </svg>
        Waiting for Transmission to Server
      </h3>
      <span>
        Automatically re-trying in x seconds
      </span>
    </div>
    <hr
      class="hr"
    />
    <table
      class="table"
    >
      <thead>
        <tr>
          <th>
            Date & Time
          </th>
          <th>
            Form #
          </th>
          <th>
            Form Type
          </th>
          <th>
            Location
          </th>
          <th>
            Surname
          </th>
          <th>
            Plate #
          </th>
        </tr>
      </thead>
    </table>
  </div>
  <div
    class="border-design text-font"
  >
    <div
      class="dashboard-header"
    >
      <h3>
        <svg
          aria-hidden="true"
          class="MuiSvgIcon-root MuiSvgIcon-fontSizeMedium css-i4bv87-MuiSvgIcon-root"
          data-testid="CheckCircleOutlineIcon"
          focusable="false"
          viewBox="0 0 24 24"
        >
          <path
            d="M16.59 7.58 10 14.17l-3.59-3.58L5 12l5 5 8-8zM12 2C6.48 2 2 6.48 2 12s4.48 10 10 10 10-4.48 10-10S17.52 2 12 2zm0 18c-4.42 0-8-3.58-8-8s3.58-8 8-8 8 3.58 8 8-3.58 8-8 8z"
          />
        </svg>
        Completed
      </h3>
      <span>
        Last updated on date
      </span>
    </div>
    <hr
      class="hr"
    />
    <table
      class="table"
    >
      <thead>
        <tr>
          <th>
            Date & Time
          </th>
          <th>
            Form #
          </th>
          <th>
            Form Type
          </th>
          <th>
            Location
          </th>
          <th>
            Surname
          </th>
          <th>
            Plate #
          </th>
        </tr>
      </thead>
    </table>
  </div>
</div>
`;

exports[`renders dashboard component correctly 1`] = `
<div>
  <div
    class="border-design text-font"
  >
    <div
      class="dashboard-header"
    >
      <h3>
        <svg
          aria-hidden="true"
          class="MuiSvgIcon-root MuiSvgIcon-fontSizeMedium css-i4bv87-MuiSvgIcon-root"
          data-testid="EditIcon"
          focusable="false"
          viewBox="0 0 24 24"
        >
          <path
            d="M3 17.25V21h3.75L17.81 9.94l-3.75-3.75L3 17.25zM20.71 7.04c.39-.39.39-1.02 0-1.41l-2.34-2.34a.9959.9959 0 0 0-1.41 0l-1.83 1.83 3.75 3.75 1.83-1.83z"
          />
        </svg>
        Events in Progress
      </h3>
      <button
        class="storybook-button storybook-button--large storybook-button--primary"
        type="button"
      >
        <svg
          aria-hidden="true"
          class="MuiSvgIcon-root MuiSvgIcon-fontSizeMedium css-i4bv87-MuiSvgIcon-root"
          data-testid="AddIcon"
          focusable="false"
          viewBox="0 0 24 24"
        >
          <path
            d="M19 13h-6v6h-2v-6H5v-2h6V5h2v6h6v2z"
          />
        </svg>
        New Event
      </button>
    </div>
    <hr
      class="hr"
    />
    <table
      class="table"
    >
      <thead>
        <tr>
          <th>
            Date & Time
          </th>
          <th>
            Form Types
          </th>
          <th>
            Location
          </th>
          <th>
            Surname
          </th>
          <th>
            Plate #
          </th>
          <th>
            Next Step
          </th>
        </tr>
      </thead>
    </table>
  </div>
  <div
    class="border-design text-font"
  >
    <div
      class="dashboard-header"
    >
      <h3>
        <svg
          aria-hidden="true"
          class="MuiSvgIcon-root MuiSvgIcon-fontSizeMedium css-i4bv87-MuiSvgIcon-root"
          data-testid="ErrorOutlineIcon"
          focusable="false"
          viewBox="0 0 24 24"
        >
          <path
            d="M11 15h2v2h-2zm0-8h2v6h-2zm.99-5C6.47 2 2 6.48 2 12s4.47 10 9.99 10C17.52 22 22 17.52 22 12S17.52 2 11.99 2zM12 20c-4.42 0-8-3.58-8-8s3.58-8 8-8 8 3.58 8 8-3.58 8-8 8z"
          />
        </svg>
        Waiting for Transmission to Server
      </h3>
      <span>
        Automatically re-trying in x seconds
      </span>
    </div>
    <hr
      class="hr"
    />
    <table
      class="table"
    >
      <thead>
        <tr>
          <th>
            Date & Time
          </th>
          <th>
            Form #
          </th>
          <th>
            Form Type
          </th>
          <th>
            Location
          </th>
          <th>
            Surname
          </th>
          <th>
            Plate #
          </th>
        </tr>
      </thead>
    </table>
  </div>
  <div
    class="border-design text-font"
  >
    <div
      class="dashboard-header"
    >
      <h3>
        <svg
          aria-hidden="true"
          class="MuiSvgIcon-root MuiSvgIcon-fontSizeMedium css-i4bv87-MuiSvgIcon-root"
          data-testid="CheckCircleOutlineIcon"
          focusable="false"
          viewBox="0 0 24 24"
        >
          <path
            d="M16.59 7.58 10 14.17l-3.59-3.58L5 12l5 5 8-8zM12 2C6.48 2 2 6.48 2 12s4.48 10 10 10 10-4.48 10-10S17.52 2 12 2zm0 18c-4.42 0-8-3.58-8-8s3.58-8 8-8 8 3.58 8 8-3.58 8-8 8z"
          />
        </svg>
        Completed
      </h3>
      <span>
        Last updated on date
      </span>
    </div>
    <hr
      class="hr"
    />
    <table
      class="table"
    >
      <thead>
        <tr>
          <th>
            Date & Time
          </th>
          <th>
            Form #
          </th>
          <th>
            Form Type
          </th>
          <th>
            Location
          </th>
          <th>
            Surname
          </th>
          <th>
            Plate #
          </th>
        </tr>
      </thead>
    </table>
  </div>
</div>
`;
