// Jest Snapshot v1, https://goo.gl/fbAQLP

exports[`UserAdminDashboard component should match snapshot 1`] = `
<div>
  <div
    class="border-design text-font"
  >
    <table
      class="table"
    >
      <thead>
        <tr>
          <th>
            SURNAME
          </th>
          <th>
            Given
          </th>
          <th>
            Prime ID
          </th>
          <th>
            Agency
          </th>
          <th>
            Keycloak GUID
          </th>
          <th>
            Username
          </th>
          <th>
            Role
          </th>
          <th>
            Date Applied
          </th>
          <th>
            Action
          </th>
        </tr>
      </thead>
      <tbody>
        <tr>
          <td>
            Test
          </td>
          <td>
            USER
          </td>
          <td>
            222222
          </td>
          <td>
            BCHP Burnaby
          </td>
          <td>
            91D388D1339C41388E622F5
          </td>
          <td>
            TEST@idir
          </td>
          <td>
            administrator
          </td>
          <td
            class="text-muted small"
          >
            2023-06-22 09:51
          </td>
          <td>
            <button
              class="btn btn-danger"
              type="button"
            >
              Delete
            </button>
          </td>
        </tr>
        <tr>
          <td>
            Test
          </td>
          <td>
            USER
          </td>
          <td>
            222222
          </td>
          <td>
            BCHP Burnaby
          </td>
          <td>
            91D388D1339C41388E622F5
          </td>
          <td>
            TEST@idir
          </td>
          <td>
            officer
          </td>
          <td
            class="text-muted small"
          >
            2023-06-22 09:51
          </td>
          <td>
            <button
              class="btn btn-danger"
              type="button"
            >
              Delete
            </button>
          </td>
        </tr>
      </tbody>
    </table>
    <form
      action="#"
    >
      <div
        class="container-fluid"
      >
        <div
          class="row"
        >
          <div
            class="col-sm-10"
          >
            <div>
              <label
                for="user"
              >
                Grant administrator role to selected user
              </label>
              <div
                class="field-width field-height css-b62m3t-container"
              >
                <span
                  class="css-1f43avz-a11yText-A11yText"
                  id="react-select-2-live-region"
                />
                <span
                  aria-atomic="false"
                  aria-live="polite"
                  aria-relevant="additions text"
                  class="css-1f43avz-a11yText-A11yText"
                />
                <div
                  class=" css-13cymwt-control"
                >
                  <div
                    class=" css-1fdsijx-ValueContainer"
                  >
                    <div
                      class=" css-1dimb5e-singleValue"
                    />
                    <div
                      class=" css-qbdosj-Input"
                      data-value=""
                    >
                      <input
                        aria-autocomplete="list"
                        aria-expanded="false"
                        aria-haspopup="true"
                        autocapitalize="none"
                        autocomplete="off"
                        autocorrect="off"
                        class=""
                        id="user-select"
                        role="combobox"
                        spellcheck="false"
                        style="opacity: 1; width: 100%; grid-area: 1 / 2; min-width: 2px; border: 0px; margin: 0px; outline: 0; padding: 0px;"
                        tabindex="0"
                        type="text"
                        value=""
                      />
                    </div>
                  </div>
                  <div
                    class=" css-1hb7zxy-IndicatorsContainer"
                  >
                    <span
                      class=" css-1u9des2-indicatorSeparator"
                    />
                    <div
                      aria-hidden="true"
                      class=" css-1xc3v61-indicatorContainer"
                    >
                      <svg
                        aria-hidden="true"
                        class="css-tj5bde-Svg"
                        focusable="false"
                        height="20"
                        viewBox="0 0 20 20"
                        width="20"
                      >
                        <path
                          d="M4.516 7.548c0.436-0.446 1.043-0.481 1.576 0l3.908 3.747 3.908-3.747c0.533-0.481 1.141-0.446 1.574 0 0.436 0.445 0.408 1.197 0 1.615-0.406 0.418-4.695 4.502-4.695 4.502-0.217 0.223-0.502 0.335-0.787 0.335s-0.57-0.112-0.789-0.335c0 0-4.287-4.084-4.695-4.502s-0.436-1.17 0-1.615z"
                        />
                      </svg>
                    </div>
                  </div>
                </div>
                <input
                  name="user"
                  type="hidden"
                  value=""
                />
              </div>
              <input
                id="user"
                name="user"
                type="hidden"
                value="{}"
              />
            </div>
          </div>
          <div
            class="top-margin col-sm-2"
          >
            <button
              class="btn btn-primary btn-sm"
              type="submit"
            >
              Add as administrator
            </button>
          </div>
        </div>
      </div>
    </form>
  </div>
</div>
`;
